Archive member included to satisfy reference by file (symbol)

/opt/Atollic_TrueSTUDIO_for_STM32_x86_64_9.3.0/ARMTools/bin/../lib/gcc/arm-atollic-eabi/6.3.1/../../../../arm-atollic-eabi/lib/armv7-m/libc_nano.a(lib_a-init.o)
                              startup/startup_stm32f103xb.o (__libc_init_array)
/opt/Atollic_TrueSTUDIO_for_STM32_x86_64_9.3.0/ARMTools/bin/../lib/gcc/arm-atollic-eabi/6.3.1/../../../../arm-atollic-eabi/lib/armv7-m/libc_nano.a(lib_a-memcpy-stub.o)
                              Middlewares/Third_Party/FreeRTOS/Source/queue.o (memcpy)
/opt/Atollic_TrueSTUDIO_for_STM32_x86_64_9.3.0/ARMTools/bin/../lib/gcc/arm-atollic-eabi/6.3.1/../../../../arm-atollic-eabi/lib/armv7-m/libc_nano.a(lib_a-memset.o)
                              Drivers/STM32F1xx_HAL_Driver/Src/stm32f1xx_hal_rcc.o (memset)
/opt/Atollic_TrueSTUDIO_for_STM32_x86_64_9.3.0/ARMTools/bin/../lib/gcc/arm-atollic-eabi/6.3.1/armv7-m/libgcc.a(_lshrdi3.o)
                              Drivers/STM32F1xx_HAL_Driver/Src/stm32f1xx_hal_flash.o (__aeabi_llsr)

Allocating common symbols
Common symbol       size              file

htim4               0x40              Src/stm32f1xx_hal_timebase_TIM.o
valor_ADC           0x8               Src/main.o
uwTick              0x4               Drivers/STM32F1xx_HAL_Driver/Src/stm32f1xx_hal.o
xQueueRegistry      0x40              Middlewares/Third_Party/FreeRTOS/Source/queue.o
pFlash              0x20              Drivers/STM32F1xx_HAL_Driver/Src/stm32f1xx_hal_flash.o
hadc1               0x30              Src/main.o
hdma_adc1           0x44              Src/main.o
lfsr                0x4               Src/PRNG_LFSR.o
ADC_buffer          0x8               Src/main.o

Discarded input sections

 .text          0x0000000000000000        0x0 /opt/Atollic_TrueSTUDIO_for_STM32_x86_64_9.3.0/ARMTools/bin/../lib/gcc/arm-atollic-eabi/6.3.1/armv7-m/crti.o
 .data          0x0000000000000000        0x0 /opt/Atollic_TrueSTUDIO_for_STM32_x86_64_9.3.0/ARMTools/bin/../lib/gcc/arm-atollic-eabi/6.3.1/armv7-m/crti.o
 .bss           0x0000000000000000        0x0 /opt/Atollic_TrueSTUDIO_for_STM32_x86_64_9.3.0/ARMTools/bin/../lib/gcc/arm-atollic-eabi/6.3.1/armv7-m/crti.o
 .data          0x0000000000000000        0x4 /opt/Atollic_TrueSTUDIO_for_STM32_x86_64_9.3.0/ARMTools/bin/../lib/gcc/arm-atollic-eabi/6.3.1/armv7-m/crtbegin.o
 .text          0x0000000000000000        0x0 Drivers/STM32F1xx_HAL_Driver/Src/stm32f1xx_hal.o
 .data          0x0000000000000000        0x0 Drivers/STM32F1xx_HAL_Driver/Src/stm32f1xx_hal.o
 .bss           0x0000000000000000        0x0 Drivers/STM32F1xx_HAL_Driver/Src/stm32f1xx_hal.o
 .text.HAL_MspInit
                0x0000000000000000        0x2 Drivers/STM32F1xx_HAL_Driver/Src/stm32f1xx_hal.o
 .text.HAL_MspDeInit
                0x0000000000000000        0x2 Drivers/STM32F1xx_HAL_Driver/Src/stm32f1xx_hal.o
 .text.HAL_DeInit
                0x0000000000000000       0x20 Drivers/STM32F1xx_HAL_Driver/Src/stm32f1xx_hal.o
 .text.HAL_InitTick
                0x0000000000000000       0x48 Drivers/STM32F1xx_HAL_Driver/Src/stm32f1xx_hal.o
 .text.HAL_GetTickPrio
                0x0000000000000000        0xc Drivers/STM32F1xx_HAL_Driver/Src/stm32f1xx_hal.o
 .text.HAL_SetTickFreq
                0x0000000000000000       0x24 Drivers/STM32F1xx_HAL_Driver/Src/stm32f1xx_hal.o
 .text.HAL_GetTickFreq
                0x0000000000000000        0xc Drivers/STM32F1xx_HAL_Driver/Src/stm32f1xx_hal.o
 .text.HAL_SuspendTick
                0x0000000000000000       0x10 Drivers/STM32F1xx_HAL_Driver/Src/stm32f1xx_hal.o
 .text.HAL_ResumeTick
                0x0000000000000000       0x10 Drivers/STM32F1xx_HAL_Driver/Src/stm32f1xx_hal.o
 .text.HAL_GetHalVersion
                0x0000000000000000        0x8 Drivers/STM32F1xx_HAL_Driver/Src/stm32f1xx_hal.o
 .text.HAL_GetREVID
                0x0000000000000000        0xc Drivers/STM32F1xx_HAL_Driver/Src/stm32f1xx_hal.o
 .text.HAL_GetDEVID
                0x0000000000000000       0x10 Drivers/STM32F1xx_HAL_Driver/Src/stm32f1xx_hal.o
 .text.HAL_DBGMCU_EnableDBGSleepMode
                0x0000000000000000       0x10 Drivers/STM32F1xx_HAL_Driver/Src/stm32f1xx_hal.o
 .text.HAL_DBGMCU_DisableDBGSleepMode
                0x0000000000000000       0x10 Drivers/STM32F1xx_HAL_Driver/Src/stm32f1xx_hal.o
 .text.HAL_DBGMCU_EnableDBGStopMode
                0x0000000000000000       0x10 Drivers/STM32F1xx_HAL_Driver/Src/stm32f1xx_hal.o
 .text.HAL_DBGMCU_DisableDBGStopMode
                0x0000000000000000       0x10 Drivers/STM32F1xx_HAL_Driver/Src/stm32f1xx_hal.o
 .text.HAL_DBGMCU_EnableDBGStandbyMode
                0x0000000000000000       0x10 Drivers/STM32F1xx_HAL_Driver/Src/stm32f1xx_hal.o
 .text.HAL_DBGMCU_DisableDBGStandbyMode
                0x0000000000000000       0x10 Drivers/STM32F1xx_HAL_Driver/Src/stm32f1xx_hal.o
 .text.HAL_GetUID
                0x0000000000000000       0x20 Drivers/STM32F1xx_HAL_Driver/Src/stm32f1xx_hal.o
 .data.uwTickPrio
[...]
Memory Configuration

Name             Origin             Length             Attributes
RAM              0x0000000020000000 0x0000000000005000 xrw
FLASH            0x0000000008000000 0x0000000000010000 xr
*default*        0x0000000000000000 0xffffffffffffffff

Linker script and memory map

LOAD /opt/Atollic_TrueSTUDIO_for_STM32_x86_64_9.3.0/ARMTools/bin/../lib/gcc/arm-atollic-eabi/6.3.1/armv7-m/crti.o
LOAD /opt/Atollic_TrueSTUDIO_for_STM32_x86_64_9.3.0/ARMTools/bin/../lib/gcc/arm-atollic-eabi/6.3.1/armv7-m/crtbegin.o
LOAD Drivers/STM32F1xx_HAL_Driver/Src/stm32f1xx_hal.o
LOAD Drivers/STM32F1xx_HAL_Driver/Src/stm32f1xx_hal_adc.o
LOAD Drivers/STM32F1xx_HAL_Driver/Src/stm32f1xx_hal_adc_ex.o
LOAD Drivers/STM32F1xx_HAL_Driver/Src/stm32f1xx_hal_cortex.o
LOAD Drivers/STM32F1xx_HAL_Driver/Src/stm32f1xx_hal_dma.o
LOAD Drivers/STM32F1xx_HAL_Driver/Src/stm32f1xx_hal_flash.o
LOAD Drivers/STM32F1xx_HAL_Driver/Src/stm32f1xx_hal_flash_ex.o
LOAD Drivers/STM32F1xx_HAL_Driver/Src/stm32f1xx_hal_gpio.o
LOAD Drivers/STM32F1xx_HAL_Driver/Src/stm32f1xx_hal_gpio_ex.o
LOAD Drivers/STM32F1xx_HAL_Driver/Src/stm32f1xx_hal_pwr.o
LOAD Drivers/STM32F1xx_HAL_Driver/Src/stm32f1xx_hal_rcc.o
LOAD Drivers/STM32F1xx_HAL_Driver/Src/stm32f1xx_hal_rcc_ex.o
LOAD Drivers/STM32F1xx_HAL_Driver/Src/stm32f1xx_hal_tim.o
LOAD Drivers/STM32F1xx_HAL_Driver/Src/stm32f1xx_hal_tim_ex.o
LOAD Middlewares/Third_Party/FreeRTOS/Source/CMSIS_RTOS/cmsis_os.o
LOAD Middlewares/Third_Party/FreeRTOS/Source/croutine.o
LOAD Middlewares/Third_Party/FreeRTOS/Source/event_groups.o
LOAD Middlewares/Third_Party/FreeRTOS/Source/list.o
LOAD Middlewares/Third_Party/FreeRTOS/Source/portable/GCC/ARM_CM3/port.o
LOAD Middlewares/Third_Party/FreeRTOS/Source/portable/MemMang/heap_4.o
LOAD Middlewares/Third_Party/FreeRTOS/Source/queue.o
LOAD Middlewares/Third_Party/FreeRTOS/Source/tasks.o
LOAD Middlewares/Third_Party/FreeRTOS/Source/timers.o
LOAD Src/NOKIA5110_fb.o
LOAD Src/PRNG_LFSR.o
LOAD Src/atraso.o
LOAD Src/freertos.o
LOAD Src/main.o
LOAD Src/stm32f1xx_hal_msp.o
LOAD Src/stm32f1xx_hal_timebase_TIM.o
LOAD Src/stm32f1xx_it.o
LOAD Src/system_stm32f1xx.o
LOAD startup/startup_stm32f103xb.o
                0x0000000000000080                malloc_getpagesize_P = 0x80
START GROUP
LOAD /opt/Atollic_TrueSTUDIO_for_STM32_x86_64_9.3.0/ARMTools/bin/../lib/gcc/arm-atollic-eabi/6.3.1/../../../../arm-atollic-eabi/lib/armv7-m/libc_nano.a
LOAD /opt/Atollic_TrueSTUDIO_for_STM32_x86_64_9.3.0/ARMTools/bin/../lib/gcc/arm-atollic-eabi/6.3.1/../../../../arm-atollic-eabi/lib/armv7-m/libm.a
END GROUP
START GROUP
LOAD /opt/Atollic_TrueSTUDIO_for_STM32_x86_64_9.3.0/ARMTools/bin/../lib/gcc/arm-atollic-eabi/6.3.1/armv7-m/libgcc.a
LOAD /opt/Atollic_TrueSTUDIO_for_STM32_x86_64_9.3.0/ARMTools/bin/../lib/gcc/arm-atollic-eabi/6.3.1/../../../../arm-atollic-eabi/lib/armv7-m/libc_nano.a
END GROUP
START GROUP
LOAD /opt/Atollic_TrueSTUDIO_for_STM32_x86_64_9.3.0/ARMTools/bin/../lib/gcc/arm-atollic-eabi/6.3.1/armv7-m/libgcc.a
LOAD /opt/Atollic_TrueSTUDIO_for_STM32_x86_64_9.3.0/ARMTools/bin/../lib/gcc/arm-atollic-eabi/6.3.1/../../../../arm-atollic-eabi/lib/armv7-m/libc_nano.a
LOAD /opt/Atollic_TrueSTUDIO_for_STM32_x86_64_9.3.0/ARMTools/bin/../lib/gcc/arm-atollic-eabi/6.3.1/../../../../arm-atollic-eabi/lib/armv7-m/libnosys.a
END GROUP
START GROUP
LOAD /opt/Atollic_TrueSTUDIO_for_STM32_x86_64_9.3.0/ARMTools/bin/../lib/gcc/arm-atollic-eabi/6.3.1/armv7-m/libgcc.a
LOAD /opt/Atollic_TrueSTUDIO_for_STM32_x86_64_9.3.0/ARMTools/bin/../lib/gcc/arm-atollic-eabi/6.3.1/../../../../arm-atollic-eabi/lib/armv7-m/libc_nano.a
LOAD /opt/Atollic_TrueSTUDIO_for_STM32_x86_64_9.3.0/ARMTools/bin/../lib/gcc/arm-atollic-eabi/6.3.1/../../../../arm-atollic-eabi/lib/armv7-m/libnosys.a
END GROUP
LOAD /opt/Atollic_TrueSTUDIO_for_STM32_x86_64_9.3.0/ARMTools/bin/../lib/gcc/arm-atollic-eabi/6.3.1/armv7-m/crtend.o
LOAD /opt/Atollic_TrueSTUDIO_for_STM32_x86_64_9.3.0/ARMTools/bin/../lib/gcc/arm-atollic-eabi/6.3.1/armv7-m/crtn.o
                0x0000000020005000                _estack = 0x20005000
                0x0000000000000200                _Min_Heap_Size = 0x200
                0x0000000000000400                _Min_Stack_Size = 0x400

.isr_vector     0x0000000008000000      0x10c
                0x0000000008000000                . = ALIGN (0x4)
 *(.isr_vector)
 .isr_vector    0x0000000008000000      0x10c startup/startup_stm32f103xb.o
                0x0000000008000000                g_pfnVectors
                0x000000000800010c                . = ALIGN (0x4)

.text           0x0000000008000110     0x2844
                0x0000000008000110                . = ALIGN (0x4)
 *(.text)
 .text          0x0000000008000110       0x40 /opt/Atollic_TrueSTUDIO_for_STM32_x86_64_9.3.0/ARMTools/bin/../lib/gcc/arm-atollic-eabi/6.3.1/armv7-m/crtbegin.o
 *(.text*)
 .text.HAL_Init
                0x0000000008000150       0x24 Drivers/STM32F1xx_HAL_Driver/Src/stm32f1xx_hal.o
                0x0000000008000150                HAL_Init
 .text.HAL_IncTick
                0x0000000008000174       0x18 Drivers/STM32F1xx_HAL_Driver/Src/stm32f1xx_hal.o
                0x0000000008000174                HAL_IncTick
 .text.HAL_GetTick
                0x000000000800018c        0xc Drivers/STM32F1xx_HAL_Driver/Src/stm32f1xx_hal.o
                0x000000000800018c                HAL_GetTick
 .text.HAL_Delay
                0x0000000008000198       0x24 Drivers/STM32F1xx_HAL_Driver/Src/stm32f1xx_hal.o
                0x0000000008000198                HAL_Delay
 .text.ADC_DMAConvCplt
                0x00000000080001bc       0x4e Drivers/STM32F1xx_HAL_Driver/Src/stm32f1xx_hal_adc.o
                0x00000000080001bc                ADC_DMAConvCplt
 .text.HAL_ADC_ConvHalfCpltCallback
                0x000000000800020a        0x2 Drivers/STM32F1xx_HAL_Driver/Src/stm32f1xx_hal_adc.o
                0x000000000800020a                HAL_ADC_ConvHalfCpltCallback
 .text.ADC_DMAHalfConvCplt
                0x000000000800020c        0xa Drivers/STM32F1xx_HAL_Driver/Src/stm32f1xx_hal_adc.o
                0x000000000800020c                ADC_DMAHalfConvCplt
 .text.HAL_ADC_LevelOutOfWindowCallback
                0x0000000008000216        0x2 Drivers/STM32F1xx_HAL_Driver/Src/stm32f1xx_hal_adc.o
                0x0000000008000216                HAL_ADC_LevelOutOfWindowCallback
 .text.HAL_ADC_IRQHandler
                0x0000000008000218       0xec Drivers/STM32F1xx_HAL_Driver/Src/stm32f1xx_hal_adc.o
                0x0000000008000218                HAL_ADC_IRQHandler
 .text.HAL_ADC_ErrorCallback
                0x0000000008000304        0x2 Drivers/STM32F1xx_HAL_Driver/Src/stm32f1xx_hal_adc.o
                0x0000000008000304                HAL_ADC_ErrorCallback
 .text.ADC_DMAError
                0x0000000008000306       0x1a Drivers/STM32F1xx_HAL_Driver/Src/stm32f1xx_hal_adc.o
                0x0000000008000306                ADC_DMAError
 .text.HAL_ADC_ConfigChannel
                0x0000000008000320      0x108 Drivers/STM32F1xx_HAL_Driver/Src/stm32f1xx_hal_adc.o
                0x0000000008000320                HAL_ADC_ConfigChannel
 .text.ADC_Enable
                0x0000000008000428       0x70 Drivers/STM32F1xx_HAL_Driver/Src/stm32f1xx_hal_adc.o
                0x0000000008000428                ADC_Enable
 .text.HAL_ADC_Start_IT
                0x0000000008000498       0xcc Drivers/STM32F1xx_HAL_Driver/Src/stm32f1xx_hal_adc.o
                0x0000000008000498                HAL_ADC_Start_IT
 .text.HAL_ADC_Start_DMA
                0x0000000008000564      0x11c Drivers/STM32F1xx_HAL_Driver/Src/stm32f1xx_hal_adc.o
                0x0000000008000564                HAL_ADC_Start_DMA
 .text.ADC_ConversionStop_Disable
                0x0000000008000680       0x44 Drivers/STM32F1xx_HAL_Driver/Src/stm32f1xx_hal_adc.o
                0x0000000008000680                ADC_ConversionStop_Disable
 .text.HAL_ADC_Init
                0x00000000080006c4      0x100 Drivers/STM32F1xx_HAL_Driver/Src/stm32f1xx_hal_adc.o
                0x00000000080006c4                HAL_ADC_Init
 .text.HAL_ADCEx_InjectedConvCpltCallback
                0x00000000080007c4        0x2 Drivers/STM32F1xx_HAL_Driver/Src/stm32f1xx_hal_adc_ex.o
                0x00000000080007c4                HAL_ADCEx_InjectedConvCpltCallback
 *fill*         0x00000000080007c6        0x2 
 .text.HAL_NVIC_SetPriorityGrouping
                0x00000000080007c8       0x24 Drivers/STM32F1xx_HAL_Driver/Src/stm32f1xx_hal_cortex.o
                0x00000000080007c8                HAL_NVIC_SetPriorityGrouping
 .text.HAL_NVIC_SetPriority
                0x00000000080007ec       0x68 Drivers/STM32F1xx_HAL_Driver/Src/stm32f1xx_hal_cortex.o
                0x00000000080007ec                HAL_NVIC_SetPriority
 .text.HAL_NVIC_EnableIRQ
                0x0000000008000854       0x18 Drivers/STM32F1xx_HAL_Driver/Src/stm32f1xx_hal_cortex.o
                0x0000000008000854                HAL_NVIC_EnableIRQ
 .text.HAL_SYSTICK_Config
                0x000000000800086c       0x2c Drivers/STM32F1xx_HAL_Driver/Src/stm32f1xx_hal_cortex.o
                0x000000000800086c                HAL_SYSTICK_Config
 .text.HAL_SYSTICK_CLKSourceConfig
                0x0000000008000898       0x18 Drivers/STM32F1xx_HAL_Driver/Src/stm32f1xx_hal_cortex.o
                0x0000000008000898                HAL_SYSTICK_CLKSourceConfig
 .text.HAL_DMA_Init
                0x00000000080008b0       0x68 Drivers/STM32F1xx_HAL_Driver/Src/stm32f1xx_hal_dma.o
                0x00000000080008b0                HAL_DMA_Init
 .text.HAL_DMA_Start_IT
                0x0000000008000918       0x7a Drivers/STM32F1xx_HAL_Driver/Src/stm32f1xx_hal_dma.o
                0x0000000008000918                HAL_DMA_Start_IT
 *fill*         0x0000000008000992        0x2 
 .text.HAL_DMA_IRQHandler
                0x0000000008000994      0x128 Drivers/STM32F1xx_HAL_Driver/Src/stm32f1xx_hal_dma.o
                0x0000000008000994                HAL_DMA_IRQHandler
 .text.HAL_GPIO_Init
                0x0000000008000abc      0x1c0 Drivers/STM32F1xx_HAL_Driver/Src/stm32f1xx_hal_gpio.o
                0x0000000008000abc                HAL_GPIO_Init
 .text.HAL_GPIO_WritePin
                0x0000000008000c7c        0xa Drivers/STM32F1xx_HAL_Driver/Src/stm32f1xx_hal_gpio.o
                0x0000000008000c7c                HAL_GPIO_WritePin
 *fill*         0x0000000008000c86        0x2 
 .text.HAL_RCC_OscConfig
                0x0000000008000c88      0x318 Drivers/STM32F1xx_HAL_Driver/Src/stm32f1xx_hal_rcc.o
                0x0000000008000c88                HAL_RCC_OscConfig
 .text.HAL_RCC_GetSysClockFreq
                0x0000000008000fa0       0x78 Drivers/STM32F1xx_HAL_Driver/Src/stm32f1xx_hal_rcc.o
                0x0000000008000fa0                HAL_RCC_GetSysClockFreq
 .text.HAL_RCC_ClockConfig
                0x0000000008001018      0x148 Drivers/STM32F1xx_HAL_Driver/Src/stm32f1xx_hal_rcc.o
                0x0000000008001018                HAL_RCC_ClockConfig
 .text.HAL_RCC_GetHCLKFreq
                0x0000000008001160        0xc Drivers/STM32F1xx_HAL_Driver/Src/stm32f1xx_hal_rcc.o
                0x0000000008001160                HAL_RCC_GetHCLKFreq
 .text.HAL_RCC_GetPCLK1Freq
                0x000000000800116c       0x20 Drivers/STM32F1xx_HAL_Driver/Src/stm32f1xx_hal_rcc.o
                0x000000000800116c                HAL_RCC_GetPCLK1Freq
 .text.HAL_RCC_GetClockConfig
                0x000000000800118c       0x3c Drivers/STM32F1xx_HAL_Driver/Src/stm32f1xx_hal_rcc.o
                0x000000000800118c                HAL_RCC_GetClockConfig
 .text.HAL_RCCEx_PeriphCLKConfig
                0x00000000080011c8       0xf0 Drivers/STM32F1xx_HAL_Driver/Src/stm32f1xx_hal_rcc_ex.o
                0x00000000080011c8                HAL_RCCEx_PeriphCLKConfig
 .text.HAL_TIM_Base_MspInit
                0x00000000080012b8        0x2 Drivers/STM32F1xx_HAL_Driver/Src/stm32f1xx_hal_tim.o
                0x00000000080012b8                HAL_TIM_Base_MspInit
 .text.HAL_TIM_Base_Start_IT
                0x00000000080012ba       0x16 Drivers/STM32F1xx_HAL_Driver/Src/stm32f1xx_hal_tim.o
                0x00000000080012ba                HAL_TIM_Base_Start_IT
 .text.HAL_TIM_OC_DelayElapsedCallback
                0x00000000080012d0        0x2 Drivers/STM32F1xx_HAL_Driver/Src/stm32f1xx_hal_tim.o
                0x00000000080012d0                HAL_TIM_OC_DelayElapsedCallback
 .text.HAL_TIM_IC_CaptureCallback
                0x00000000080012d2        0x2 Drivers/STM32F1xx_HAL_Driver/Src/stm32f1xx_hal_tim.o
                0x00000000080012d2                HAL_TIM_IC_CaptureCallback
 .text.HAL_TIM_PWM_PulseFinishedCallback
                0x00000000080012d4        0x2 Drivers/STM32F1xx_HAL_Driver/Src/stm32f1xx_hal_tim.o
                0x00000000080012d4                HAL_TIM_PWM_PulseFinishedCallback
 .text.HAL_TIM_TriggerCallback
                0x00000000080012d6        0x2 Drivers/STM32F1xx_HAL_Driver/Src/stm32f1xx_hal_tim.o
                0x00000000080012d6                HAL_TIM_TriggerCallback
 .text.HAL_TIM_IRQHandler
                0x00000000080012d8      0x144 Drivers/STM32F1xx_HAL_Driver/Src/stm32f1xx_hal_tim.o
                0x00000000080012d8                HAL_TIM_IRQHandler
 .text.TIM_Base_SetConfig
                0x000000000800141c       0x70 Drivers/STM32F1xx_HAL_Driver/Src/stm32f1xx_hal_tim.o
                0x000000000800141c                TIM_Base_SetConfig
 .text.HAL_TIM_Base_Init
                0x000000000800148c       0x34 Drivers/STM32F1xx_HAL_Driver/Src/stm32f1xx_hal_tim.o
                0x000000000800148c                HAL_TIM_Base_Init
 .text.HAL_TIMEx_CommutationCallback
                0x00000000080014c0        0x2 Drivers/STM32F1xx_HAL_Driver/Src/stm32f1xx_hal_tim_ex.o
                0x00000000080014c0                HAL_TIMEx_CommutationCallback
 .text.HAL_TIMEx_BreakCallback
                0x00000000080014c2        0x2 Drivers/STM32F1xx_HAL_Driver/Src/stm32f1xx_hal_tim_ex.o
                0x00000000080014c2                HAL_TIMEx_BreakCallback
 .text.osSystickHandler
                0x00000000080014c4       0x14 Middlewares/Third_Party/FreeRTOS/Source/CMSIS_RTOS/cmsis_os.o
                0x00000000080014c4                osSystickHandler
 .text.vListInitialise
                0x00000000080014d8       0x16 Middlewares/Third_Party/FreeRTOS/Source/list.o
                0x00000000080014d8                vListInitialise
 .text.vListInitialiseItem
                0x00000000080014ee        0x6 Middlewares/Third_Party/FreeRTOS/Source/list.o
                0x00000000080014ee                vListInitialiseItem
 .text.vListInsertEnd
                0x00000000080014f4       0x18 Middlewares/Third_Party/FreeRTOS/Source/list.o
                0x00000000080014f4                vListInsertEnd
 .text.uxListRemove
                0x000000000800150c       0x20 Middlewares/Third_Party/FreeRTOS/Source/list.o
                0x000000000800150c                uxListRemove
 .text.prvTaskExitError
                0x000000000800152c       0x30 Middlewares/Third_Party/FreeRTOS/Source/portable/GCC/ARM_CM3/port.o
 .text.prvPortStartFirstTask
                0x000000000800155c       0x20 Middlewares/Third_Party/FreeRTOS/Source/portable/GCC/ARM_CM3/port.o
 .text.pxPortInitialiseStack
                0x000000000800157c       0x24 Middlewares/Third_Party/FreeRTOS/Source/portable/GCC/ARM_CM3/port.o
                0x000000000800157c                pxPortInitialiseStack
 .text.SVC_Handler
                0x00000000080015a0       0x24 Middlewares/Third_Party/FreeRTOS/Source/portable/GCC/ARM_CM3/port.o
                0x00000000080015a0                SVC_Handler
 .text.vPortEnterCritical
                0x00000000080015c4       0x44 Middlewares/Third_Party/FreeRTOS/Source/portable/GCC/ARM_CM3/port.o
                0x00000000080015c4                vPortEnterCritical
 .text.vPortExitCritical
                0x0000000008001608       0x28 Middlewares/Third_Party/FreeRTOS/Source/portable/GCC/ARM_CM3/port.o
                0x0000000008001608                vPortExitCritical
 .text.PendSV_Handler
                0x0000000008001630       0x44 Middlewares/Third_Party/FreeRTOS/Source/portable/GCC/ARM_CM3/port.o
                0x0000000008001630                PendSV_Handler
 .text.xPortSysTickHandler
                0x0000000008001674       0x2c Middlewares/Third_Party/FreeRTOS/Source/portable/GCC/ARM_CM3/port.o
                0x0000000008001674                xPortSysTickHandler
 .text.vPortSetupTimerInterrupt
                0x00000000080016a0       0x28 Middlewares/Third_Party/FreeRTOS/Source/portable/GCC/ARM_CM3/port.o
                0x00000000080016a0                vPortSetupTimerInterrupt
 .text.xPortStartScheduler
                0x00000000080016c8       0x94 Middlewares/Third_Party/FreeRTOS/Source/portable/GCC/ARM_CM3/port.o
                0x00000000080016c8                xPortStartScheduler
 .text.unlikely.prvInsertBlockIntoFreeList
                0x000000000800175c       0x48 Middlewares/Third_Party/FreeRTOS/Source/portable/MemMang/heap_4.o
 .text.pvPortMalloc
                0x00000000080017a4      0x11c Middlewares/Third_Party/FreeRTOS/Source/portable/MemMang/heap_4.o
                0x00000000080017a4                pvPortMalloc
 .text.vPortFree
                0x00000000080018c0       0x70 Middlewares/Third_Party/FreeRTOS/Source/portable/MemMang/heap_4.o
                0x00000000080018c0                vPortFree
 .text.prvResetNextTaskUnblockTime
                0x0000000008001930       0x24 Middlewares/Third_Party/FreeRTOS/Source/tasks.o
 .text.xTaskCreate
                0x0000000008001954      0x1a0 Middlewares/Third_Party/FreeRTOS/Source/tasks.o
                0x0000000008001954                xTaskCreate
 .text.vTaskStartScheduler
                0x0000000008001af4       0x78 Middlewares/Third_Party/FreeRTOS/Source/tasks.o
                0x0000000008001af4                vTaskStartScheduler
 .text.vTaskSuspendAll
                0x0000000008001b6c       0x10 Middlewares/Third_Party/FreeRTOS/Source/tasks.o
                0x0000000008001b6c                vTaskSuspendAll
 .text.xTaskIncrementTick
                0x0000000008001b7c      0x124 Middlewares/Third_Party/FreeRTOS/Source/tasks.o
                0x0000000008001b7c                xTaskIncrementTick
 .text.xTaskResumeAll
                0x0000000008001ca0       0xf0 Middlewares/Third_Party/FreeRTOS/Source/tasks.o
                0x0000000008001ca0                xTaskResumeAll
 .text.prvIdleTask
                0x0000000008001d90       0x74 Middlewares/Third_Party/FreeRTOS/Source/tasks.o
 .text.vTaskSwitchContext
                0x0000000008001e04       0x74 Middlewares/Third_Party/FreeRTOS/Source/tasks.o
                0x0000000008001e04                vTaskSwitchContext
 .text.xTaskGetSchedulerState
                0x0000000008001e78       0x20 Middlewares/Third_Party/FreeRTOS/Source/tasks.o
                0x0000000008001e78                xTaskGetSchedulerState
 .text.cmd_LCD  0x0000000008001e98       0x68 Src/NOKIA5110_fb.o
                0x0000000008001e98                cmd_LCD
 .text.data_LCD
                0x0000000008001f00       0x68 Src/NOKIA5110_fb.o
                0x0000000008001f00                data_LCD
 .text.inic_LCD
                0x0000000008001f68       0x4c Src/NOKIA5110_fb.o
                0x0000000008001f68                inic_LCD
 .text.goto_XY  0x0000000008001fb4       0x1c Src/NOKIA5110_fb.o
                0x0000000008001fb4                goto_XY
 .text.imprime_LCD
                0x0000000008001fd0       0x1c Src/NOKIA5110_fb.o
                0x0000000008001fd0                imprime_LCD
 .text.caractere_LCD
                0x0000000008001fec       0x3c Src/NOKIA5110_fb.o
                0x0000000008001fec                caractere_LCD
 .text.string_LCD
                0x0000000008002028       0x12 Src/NOKIA5110_fb.o
                0x0000000008002028                string_LCD
 *fill*         0x000000000800203a        0x2 
 .text.limpa_LCD
                0x000000000800203c       0x18 Src/NOKIA5110_fb.o
                0x000000000800203c                limpa_LCD
 .text.desenha_pixel
                0x0000000008002054       0x38 Src/NOKIA5110_fb.o
                0x0000000008002054                desenha_pixel
 .text.desenha_linha
                0x000000000800208c       0xf8 Src/NOKIA5110_fb.o
                0x000000000800208c                desenha_linha
 .text.desenha_circulo
                0x0000000008002184      0x170 Src/NOKIA5110_fb.o
                0x0000000008002184                desenha_circulo
 .text.desenha_retangulo
                0x00000000080022f4       0x74 Src/NOKIA5110_fb.o
                0x00000000080022f4                desenha_retangulo
 .text.atraso_us
                0x0000000008002368       0x12 Src/atraso.o
                0x0000000008002368                atraso_us
 .text.vTask_LCD_Print
                0x000000000800237a        0x8 Src/main.o
                0x000000000800237a                vTask_LCD_Print
 .text.vTask_Quadradinhos
                0x0000000008002382       0x18 Src/main.o
                0x0000000008002382                vTask_Quadradinhos
 .text.vTask_Bola
                0x000000000800239a       0x10 Src/main.o
                0x000000000800239a                vTask_Bola
 *fill*         0x00000000080023aa        0x2 
 .text.vTask_Base
                0x00000000080023ac       0x78 Src/main.o
                0x00000000080023ac                vTask_Base
 .text.HAL_ADC_ConvCpltCallback
                0x0000000008002424       0x24 Src/main.o
                0x0000000008002424                HAL_ADC_ConvCpltCallback
 .text.SystemClock_Config
                0x0000000008002448       0x80 Src/main.o
                0x0000000008002448                SystemClock_Config
 .text.startup.main
                0x00000000080024c8      0x1b0 Src/main.o
                0x00000000080024c8                main
 .text.HAL_TIM_PeriodElapsedCallback
                0x0000000008002678       0x14 Src/main.o
                0x0000000008002678                HAL_TIM_PeriodElapsedCallback
 .text._Error_Handler
                0x000000000800268c        0x2 Src/main.o
                0x000000000800268c                _Error_Handler
 *fill*         0x000000000800268e        0x2 
 .text.HAL_MspInit
                0x0000000008002690       0x8c Src/stm32f1xx_hal_msp.o
                0x0000000008002690                HAL_MspInit
 .text.HAL_ADC_MspInit
                0x000000000800271c       0x94 Src/stm32f1xx_hal_msp.o
                0x000000000800271c                HAL_ADC_MspInit
 .text.HAL_InitTick
                0x00000000080027b0       0x78 Src/stm32f1xx_hal_timebase_TIM.o
                0x00000000080027b0                HAL_InitTick
 .text.NMI_Handler
                0x0000000008002828        0x2 Src/stm32f1xx_it.o
                0x0000000008002828                NMI_Handler
 .text.HardFault_Handler
                0x000000000800282a        0x2 Src/stm32f1xx_it.o
                0x000000000800282a                HardFault_Handler
 .text.MemManage_Handler
                0x000000000800282c        0x2 Src/stm32f1xx_it.o
                0x000000000800282c                MemManage_Handler
 .text.BusFault_Handler
                0x000000000800282e        0x2 Src/stm32f1xx_it.o
                0x000000000800282e                BusFault_Handler
 .text.UsageFault_Handler
                0x0000000008002830        0x2 Src/stm32f1xx_it.o
                0x0000000008002830                UsageFault_Handler
 .text.DebugMon_Handler
                0x0000000008002832        0x2 Src/stm32f1xx_it.o
                0x0000000008002832                DebugMon_Handler
 .text.SysTick_Handler
                0x0000000008002834        0x4 Src/stm32f1xx_it.o
                0x0000000008002834                SysTick_Handler
 .text.DMA1_Channel1_IRQHandler
                0x0000000008002838        0xc Src/stm32f1xx_it.o
                0x0000000008002838                DMA1_Channel1_IRQHandler
 .text.ADC1_2_IRQHandler
                0x0000000008002844        0xc Src/stm32f1xx_it.o
                0x0000000008002844                ADC1_2_IRQHandler
 .text.TIM4_IRQHandler
                0x0000000008002850        0xc Src/stm32f1xx_it.o
                0x0000000008002850                TIM4_IRQHandler
 .text.SystemInit
                0x000000000800285c       0x4c Src/system_stm32f1xx.o
                0x000000000800285c                SystemInit
 .text.Reset_Handler
                0x00000000080028a8       0x48 startup/startup_stm32f103xb.o
                0x00000000080028a8                Reset_Handler
 .text.Default_Handler
                0x00000000080028f0        0x2 startup/startup_stm32f103xb.o
                0x00000000080028f0                RTC_Alarm_IRQHandler
                0x00000000080028f0                EXTI2_IRQHandler
                0x00000000080028f0                TIM1_CC_IRQHandler
                0x00000000080028f0                PVD_IRQHandler
                0x00000000080028f0                EXTI3_IRQHandler
                0x00000000080028f0                EXTI0_IRQHandler
                0x00000000080028f0                I2C2_EV_IRQHandler
                0x00000000080028f0                SPI1_IRQHandler
                0x00000000080028f0                TAMPER_IRQHandler
                0x00000000080028f0                DMA1_Channel4_IRQHandler
                0x00000000080028f0                USART3_IRQHandler
                0x00000000080028f0                RTC_IRQHandler
                0x00000000080028f0                DMA1_Channel7_IRQHandler
                0x00000000080028f0                CAN1_RX1_IRQHandler
                0x00000000080028f0                I2C1_EV_IRQHandler
                0x00000000080028f0                DMA1_Channel6_IRQHandler
                0x00000000080028f0                TIM3_IRQHandler
                0x00000000080028f0                RCC_IRQHandler
                0x00000000080028f0                TIM1_TRG_COM_IRQHandler
                0x00000000080028f0                Default_Handler
                0x00000000080028f0                EXTI15_10_IRQHandler
                0x00000000080028f0                EXTI9_5_IRQHandler
                0x00000000080028f0                SPI2_IRQHandler
                0x00000000080028f0                DMA1_Channel5_IRQHandler
                0x00000000080028f0                EXTI4_IRQHandler
                0x00000000080028f0                USB_LP_CAN1_RX0_IRQHandler
                0x00000000080028f0                USB_HP_CAN1_TX_IRQHandler
                0x00000000080028f0                DMA1_Channel3_IRQHandler
                0x00000000080028f0                TIM1_UP_IRQHandler
                0x00000000080028f0                WWDG_IRQHandler
                0x00000000080028f0                TIM2_IRQHandler
                0x00000000080028f0                TIM1_BRK_IRQHandler
                0x00000000080028f0                EXTI1_IRQHandler
                0x00000000080028f0                USART2_IRQHandler
                0x00000000080028f0                I2C2_ER_IRQHandler
                0x00000000080028f0                DMA1_Channel2_IRQHandler
                0x00000000080028f0                CAN1_SCE_IRQHandler
                0x00000000080028f0                FLASH_IRQHandler
                0x00000000080028f0                USART1_IRQHandler
                0x00000000080028f0                I2C1_ER_IRQHandler
                0x00000000080028f0                USBWakeUp_IRQHandler
 *fill*         0x00000000080028f2        0x2 
 .text.__libc_init_array
                0x00000000080028f4       0x48 /opt/Atollic_TrueSTUDIO_for_STM32_x86_64_9.3.0/ARMTools/bin/../lib/gcc/arm-atollic-eabi/6.3.1/../../../../arm-atollic-eabi/lib/armv7-m/libc_nano.a(lib_a-init.o)
                0x00000000080028f4                __libc_init_array
 *(.glue_7)
 .glue_7        0x000000000800293c        0x0 linker stubs
 *(.glue_7t)
 .glue_7t       0x000000000800293c        0x0 linker stubs
 *(.eh_frame)
 .eh_frame      0x000000000800293c        0x0 /opt/Atollic_TrueSTUDIO_for_STM32_x86_64_9.3.0/ARMTools/bin/../lib/gcc/arm-atollic-eabi/6.3.1/armv7-m/crtbegin.o
 *(.init)
 .init          0x000000000800293c        0x4 /opt/Atollic_TrueSTUDIO_for_STM32_x86_64_9.3.0/ARMTools/bin/../lib/gcc/arm-atollic-eabi/6.3.1/armv7-m/crti.o
                0x000000000800293c                _init
 .init          0x0000000008002940        0x8 /opt/Atollic_TrueSTUDIO_for_STM32_x86_64_9.3.0/ARMTools/bin/../lib/gcc/arm-atollic-eabi/6.3.1/armv7-m/crtn.o
 *(.fini)
 .fini          0x0000000008002948        0x4 /opt/Atollic_TrueSTUDIO_for_STM32_x86_64_9.3.0/ARMTools/bin/../lib/gcc/arm-atollic-eabi/6.3.1/armv7-m/crti.o
                0x0000000008002948                _fini
 .fini          0x000000000800294c        0x8 /opt/Atollic_TrueSTUDIO_for_STM32_x86_64_9.3.0/ARMTools/bin/../lib/gcc/arm-atollic-eabi/6.3.1/armv7-m/crtn.o
                0x0000000008002954                . = ALIGN (0x4)
                0x0000000008002954                _etext = .

.vfp11_veneer   0x0000000008002954        0x0
 .vfp11_veneer  0x0000000008002954        0x0 linker stubs

.v4_bx          0x0000000008002954        0x0
 .v4_bx         0x0000000008002954        0x0 linker stubs

.iplt           0x0000000008002954        0x0
 .iplt          0x0000000008002954        0x0 /opt/Atollic_TrueSTUDIO_for_STM32_x86_64_9.3.0/ARMTools/bin/../lib/gcc/arm-atollic-eabi/6.3.1/armv7-m/crtbegin.o

.rodata         0x0000000008002954      0x254
                0x0000000008002954                . = ALIGN (0x4)
 *(.rodata)
 .rodata        0x0000000008002954       0x10 Drivers/STM32F1xx_HAL_Driver/Src/stm32f1xx_hal_rcc.o
 *(.rodata*)
 .rodata.vTaskStartScheduler.str1.1
                0x0000000008002964        0x5 Middlewares/Third_Party/FreeRTOS/Source/tasks.o
 .rodata.ASCII  0x0000000008002969      0x1e0 Src/NOKIA5110_fb.o
 .rodata.main.str1.1
                0x0000000008002b49       0x2c Src/main.o
 .rodata.HAL_ADC_MspInit.str1.1
                0x0000000008002b75       0x1b Src/stm32f1xx_hal_msp.o
 .rodata.AHBPrescTable
                0x0000000008002b90       0x10 Src/system_stm32f1xx.o
                0x0000000008002b90                AHBPrescTable
 .rodata.APBPrescTable
                0x0000000008002ba0        0x8 Src/system_stm32f1xx.o
                0x0000000008002ba0                APBPrescTable
                0x0000000008002ba8                . = ALIGN (0x4)

.rel.dyn        0x0000000008002ba8        0x0
 .rel.iplt      0x0000000008002ba8        0x0 /opt/Atollic_TrueSTUDIO_for_STM32_x86_64_9.3.0/ARMTools/bin/../lib/gcc/arm-atollic-eabi/6.3.1/armv7-m/crtbegin.o

.ARM.extab
 *(.ARM.extab* .gnu.linkonce.armextab.*)

.ARM            0x0000000008002ba8        0x0
                0x0000000008002ba8                __exidx_start = .
 *(.ARM.exidx*)
                0x0000000008002ba8                __exidx_end = .

.preinit_array  0x0000000008002ba8        0x0
                0x0000000008002ba8                PROVIDE (__preinit_array_start, .)
 *(.preinit_array*)
                0x0000000008002ba8                PROVIDE (__preinit_array_end, .)

.init_array     0x0000000008002ba8        0x4
                0x0000000008002ba8                PROVIDE (__init_array_start, .)
 *(SORT(.init_array.*))
 *(.init_array*)
 .init_array    0x0000000008002ba8        0x4 /opt/Atollic_TrueSTUDIO_for_STM32_x86_64_9.3.0/ARMTools/bin/../lib/gcc/arm-atollic-eabi/6.3.1/armv7-m/crtbegin.o
                0x0000000008002bac                PROVIDE (__init_array_end, .)

.fini_array     0x0000000008002bac        0x4
                [!provide]                        PROVIDE (__fini_array_start, .)
 *(SORT(.fini_array.*))
 *(.fini_array*)
 .fini_array    0x0000000008002bac        0x4 /opt/Atollic_TrueSTUDIO_for_STM32_x86_64_9.3.0/ARMTools/bin/../lib/gcc/arm-atollic-eabi/6.3.1/armv7-m/crtbegin.o
                [!provide]                        PROVIDE (__fini_array_end, .)
                0x0000000008002bb0                _sidata = LOADADDR (.data)

.data           0x0000000020000000        0xc load address 0x0000000008002bb0
                0x0000000020000000                . = ALIGN (0x4)
                0x0000000020000000                _sdata = .
 *(.data)
 *(.data*)
 .data.uwTickFreq
                0x0000000020000000        0x1 Drivers/STM32F1xx_HAL_Driver/Src/stm32f1xx_hal.o
                0x0000000020000000                uwTickFreq
 *fill*         0x0000000020000001        0x3 
 .data.uxCriticalNesting
                0x0000000020000004        0x4 Middlewares/Third_Party/FreeRTOS/Source/portable/GCC/ARM_CM3/port.o
 .data.SystemCoreClock
                0x0000000020000008        0x4 Src/system_stm32f1xx.o
                0x0000000020000008                SystemCoreClock
                0x000000002000000c                . = ALIGN (0x4)
                0x000000002000000c                _edata = .

.igot.plt       0x000000002000000c        0x0 load address 0x0000000008002bbc
 .igot.plt      0x000000002000000c        0x0 /opt/Atollic_TrueSTUDIO_for_STM32_x86_64_9.3.0/ARMTools/bin/../lib/gcc/arm-atollic-eabi/6.3.1/armv7-m/crtbegin.o
                0x000000002000000c                . = ALIGN (0x4)

.bss            0x000000002000000c     0x102c load address 0x0000000008002bbc
                0x000000002000000c                _sbss = .
                0x000000002000000c                __bss_start__ = _sbss
 *(.bss)
 .bss           0x000000002000000c       0x1c /opt/Atollic_TrueSTUDIO_for_STM32_x86_64_9.3.0/ARMTools/bin/../lib/gcc/arm-atollic-eabi/6.3.1/armv7-m/crtbegin.o
 *(.bss*)
 .bss.ucMaxSysCallPriority
                0x0000000020000028        0x1 Middlewares/Third_Party/FreeRTOS/Source/portable/GCC/ARM_CM3/port.o
 *fill*         0x0000000020000029        0x3 
 .bss.ulMaxPRIGROUPValue
                0x000000002000002c        0x4 Middlewares/Third_Party/FreeRTOS/Source/portable/GCC/ARM_CM3/port.o
 .bss.pxEnd     0x0000000020000030        0x4 Middlewares/Third_Party/FreeRTOS/Source/portable/MemMang/heap_4.o
 .bss.ucHeap    0x0000000020000034      0xc00 Middlewares/Third_Party/FreeRTOS/Source/portable/MemMang/heap_4.o
 .bss.xBlockAllocatedBit
                0x0000000020000c34        0x4 Middlewares/Third_Party/FreeRTOS/Source/portable/MemMang/heap_4.o
 .bss.xFreeBytesRemaining
                0x0000000020000c38        0x4 Middlewares/Third_Party/FreeRTOS/Source/portable/MemMang/heap_4.o
 .bss.xMinimumEverFreeBytesRemaining
                0x0000000020000c3c        0x4 Middlewares/Third_Party/FreeRTOS/Source/portable/MemMang/heap_4.o
 .bss.xStart    0x0000000020000c40        0x8 Middlewares/Third_Party/FreeRTOS/Source/portable/MemMang/heap_4.o
 .bss.pxCurrentTCB
                0x0000000020000c48        0x4 Middlewares/Third_Party/FreeRTOS/Source/tasks.o
                0x0000000020000c48                pxCurrentTCB
 .bss.pxDelayedTaskList
                0x0000000020000c4c        0x4 Middlewares/Third_Party/FreeRTOS/Source/tasks.o
 .bss.pxOverflowDelayedTaskList
                0x0000000020000c50        0x4 Middlewares/Third_Party/FreeRTOS/Source/tasks.o
 .bss.pxReadyTasksLists
                0x0000000020000c54       0x8c Middlewares/Third_Party/FreeRTOS/Source/tasks.o
 .bss.uxCurrentNumberOfTasks
                0x0000000020000ce0        0x4 Middlewares/Third_Party/FreeRTOS/Source/tasks.o
 .bss.uxDeletedTasksWaitingCleanUp
                0x0000000020000ce4        0x4 Middlewares/Third_Party/FreeRTOS/Source/tasks.o
 .bss.uxPendedTicks
                0x0000000020000ce8        0x4 Middlewares/Third_Party/FreeRTOS/Source/tasks.o
 .bss.uxSchedulerSuspended
                0x0000000020000cec        0x4 Middlewares/Third_Party/FreeRTOS/Source/tasks.o
 .bss.uxTaskNumber
                0x0000000020000cf0        0x4 Middlewares/Third_Party/FreeRTOS/Source/tasks.o
 .bss.uxTopReadyPriority
                0x0000000020000cf4        0x4 Middlewares/Third_Party/FreeRTOS/Source/tasks.o
 .bss.xDelayedTaskList1
                0x0000000020000cf8       0x14 Middlewares/Third_Party/FreeRTOS/Source/tasks.o
 .bss.xDelayedTaskList2
                0x0000000020000d0c       0x14 Middlewares/Third_Party/FreeRTOS/Source/tasks.o
 .bss.xIdleTaskHandle
                0x0000000020000d20        0x4 Middlewares/Third_Party/FreeRTOS/Source/tasks.o
 .bss.xNextTaskUnblockTime
                0x0000000020000d24        0x4 Middlewares/Third_Party/FreeRTOS/Source/tasks.o
 .bss.xNumOfOverflows
                0x0000000020000d28        0x4 Middlewares/Third_Party/FreeRTOS/Source/tasks.o
 .bss.xPendingReadyList
                0x0000000020000d2c       0x14 Middlewares/Third_Party/FreeRTOS/Source/tasks.o
 .bss.xSchedulerRunning
                0x0000000020000d40        0x4 Middlewares/Third_Party/FreeRTOS/Source/tasks.o
 .bss.xSuspendedTaskList
                0x0000000020000d44       0x14 Middlewares/Third_Party/FreeRTOS/Source/tasks.o
 .bss.xTasksWaitingTermination
                0x0000000020000d58       0x14 Middlewares/Third_Party/FreeRTOS/Source/tasks.o
 .bss.xTickCount
                0x0000000020000d6c        0x4 Middlewares/Third_Party/FreeRTOS/Source/tasks.o
 .bss.xYieldPending
                0x0000000020000d70        0x4 Middlewares/Third_Party/FreeRTOS/Source/tasks.o
 .bss.fb        0x0000000020000d74      0x1f8 Src/NOKIA5110_fb.o
 .bss.indice_fb
                0x0000000020000f6c        0x4 Src/NOKIA5110_fb.o
 *(COMMON)
 COMMON         0x0000000020000f70        0x4 Drivers/STM32F1xx_HAL_Driver/Src/stm32f1xx_hal.o
                0x0000000020000f70                uwTick
 COMMON         0x0000000020000f74       0x84 Src/main.o
                0x0000000020000f74                valor_ADC
                0x0000000020000f7c                hadc1
                0x0000000020000fac                hdma_adc1
                0x0000000020000ff0                ADC_buffer
 COMMON         0x0000000020000ff8       0x40 Src/stm32f1xx_hal_timebase_TIM.o
                0x0000000020000ff8                htim4
                0x0000000020001038                . = ALIGN (0x4)
                0x0000000020001038                _ebss = .
                0x0000000020001038                __bss_end__ = _ebss

._user_heap_stack
                0x0000000020001038      0x600 load address 0x0000000008002bbc
                0x0000000020001038                . = ALIGN (0x4)
                [!provide]                        PROVIDE (end, .)
                [!provide]                        PROVIDE (_end, .)
                0x0000000020001238                . = (. + _Min_Heap_Size)
 *fill*         0x0000000020001038      0x200 
                0x0000000020001638                . = (. + _Min_Stack_Size)
 *fill*         0x0000000020001238      0x400 
                0x0000000020001638                . = ALIGN (0x4)

/DISCARD/
 libc.a(*)
 libm.a(*)
 libgcc.a(*)

.ARM.attributes
                0x0000000000000000       0x29
 *(.ARM.attributes)
 .ARM.attributes
                0x0000000000000000       0x1d /opt/Atollic_TrueSTUDIO_for_STM32_x86_64_9.3.0/ARMTools/bin/../lib/gcc/arm-atollic-eabi/6.3.1/armv7-m/crti.o
 .ARM.attributes
                0x000000000000001d       0x2d /opt/Atollic_TrueSTUDIO_for_STM32_x86_64_9.3.0/ARMTools/bin/../lib/gcc/arm-atollic-eabi/6.3.1/armv7-m/crtbegin.o
 .ARM.attributes
                0x000000000000004a       0x33 Drivers/STM32F1xx_HAL_Driver/Src/stm32f1xx_hal.o
 .ARM.attributes
                0x000000000000007d       0x33 Drivers/STM32F1xx_HAL_Driver/Src/stm32f1xx_hal_adc.o
 .ARM.attributes
                0x00000000000000b0       0x33 Drivers/STM32F1xx_HAL_Driver/Src/stm32f1xx_hal_adc_ex.o
 .ARM.attributes
                0x00000000000000e3       0x33 Drivers/STM32F1xx_HAL_Driver/Src/stm32f1xx_hal_cortex.o
 .ARM.attributes
                0x0000000000000116       0x33 Drivers/STM32F1xx_HAL_Driver/Src/stm32f1xx_hal_dma.o
 .ARM.attributes
                0x0000000000000149       0x33 Drivers/STM32F1xx_HAL_Driver/Src/stm32f1xx_hal_gpio.o
 .ARM.attributes
                0x000000000000017c       0x33 Drivers/STM32F1xx_HAL_Driver/Src/stm32f1xx_hal_rcc.o
 .ARM.attributes
                0x00000000000001af       0x33 Drivers/STM32F1xx_HAL_Driver/Src/stm32f1xx_hal_rcc_ex.o
 .ARM.attributes
                0x00000000000001e2       0x33 Drivers/STM32F1xx_HAL_Driver/Src/stm32f1xx_hal_tim.o
 .ARM.attributes
                0x0000000000000215       0x33 Drivers/STM32F1xx_HAL_Driver/Src/stm32f1xx_hal_tim_ex.o
 .ARM.attributes
                0x0000000000000248       0x33 Middlewares/Third_Party/FreeRTOS/Source/CMSIS_RTOS/cmsis_os.o
 .ARM.attributes
                0x000000000000027b       0x33 Middlewares/Third_Party/FreeRTOS/Source/list.o
 .ARM.attributes
                0x00000000000002ae       0x33 Middlewares/Third_Party/FreeRTOS/Source/portable/GCC/ARM_CM3/port.o
 .ARM.attributes
                0x00000000000002e1       0x33 Middlewares/Third_Party/FreeRTOS/Source/portable/MemMang/heap_4.o
 .ARM.attributes
                0x0000000000000314       0x33 Middlewares/Third_Party/FreeRTOS/Source/tasks.o
 .ARM.attributes
                0x0000000000000347       0x33 Src/NOKIA5110_fb.o
 .ARM.attributes
                0x000000000000037a       0x33 Src/atraso.o
 .ARM.attributes
                0x00000000000003ad       0x33 Src/main.o
 .ARM.attributes
                0x00000000000003e0       0x33 Src/stm32f1xx_hal_msp.o
 .ARM.attributes
                0x0000000000000413       0x33 Src/stm32f1xx_hal_timebase_TIM.o
 .ARM.attributes
                0x0000000000000446       0x33 Src/stm32f1xx_it.o
 .ARM.attributes
                0x0000000000000479       0x33 Src/system_stm32f1xx.o
 .ARM.attributes
                0x00000000000004ac       0x21 startup/startup_stm32f103xb.o
 .ARM.attributes
                0x00000000000004cd       0x2d /opt/Atollic_TrueSTUDIO_for_STM32_x86_64_9.3.0/ARMTools/bin/../lib/gcc/arm-atollic-eabi/6.3.1/../../../../arm-atollic-eabi/lib/armv7-m/libc_nano.a(lib_a-init.o)
 .ARM.attributes
                0x00000000000004fa       0x1d /opt/Atollic_TrueSTUDIO_for_STM32_x86_64_9.3.0/ARMTools/bin/../lib/gcc/arm-atollic-eabi/6.3.1/armv7-m/crtn.o
OUTPUT(breakout_stm32_game.elf elf32-littlearm)

.debug_info     0x0000000000000000    0x1c190
 .debug_info    0x0000000000000000      0xfba Drivers/STM32F1xx_HAL_Driver/Src/stm32f1xx_hal.o
 .debug_info    0x0000000000000fba     0x165b Drivers/STM32F1xx_HAL_Driver/Src/stm32f1xx_hal_adc.o
 .debug_info    0x0000000000002615     0x1345 Drivers/STM32F1xx_HAL_Driver/Src/stm32f1xx_hal_adc_ex.o
 .debug_info    0x000000000000395a     0x1463 Drivers/STM32F1xx_HAL_Driver/Src/stm32f1xx_hal_cortex.o
 .debug_info    0x0000000000004dbd     0x1001 Drivers/STM32F1xx_HAL_Driver/Src/stm32f1xx_hal_dma.o
 .debug_info    0x0000000000005dbe      0xe7c Drivers/STM32F1xx_HAL_Driver/Src/stm32f1xx_hal_gpio.o
 .debug_info    0x0000000000006c3a     0x11f7 Drivers/STM32F1xx_HAL_Driver/Src/stm32f1xx_hal_rcc.o
 .debug_info    0x0000000000007e31      0xc57 Drivers/STM32F1xx_HAL_Driver/Src/stm32f1xx_hal_rcc_ex.o
 .debug_info    0x0000000000008a88     0x3b73 Drivers/STM32F1xx_HAL_Driver/Src/stm32f1xx_hal_tim.o
 .debug_info    0x000000000000c5fb     0x1943 Drivers/STM32F1xx_HAL_Driver/Src/stm32f1xx_hal_tim_ex.o
 .debug_info    0x000000000000df3e     0x2500 Middlewares/Third_Party/FreeRTOS/Source/CMSIS_RTOS/cmsis_os.o
 .debug_info    0x000000000001043e      0xac0 Middlewares/Third_Party/FreeRTOS/Source/list.o
 .debug_info    0x0000000000010efe      0x4ca Middlewares/Third_Party/FreeRTOS/Source/portable/GCC/ARM_CM3/port.o
 .debug_info    0x00000000000113c8      0xca5 Middlewares/Third_Party/FreeRTOS/Source/portable/MemMang/heap_4.o
 .debug_info    0x000000000001206d     0x2993 Middlewares/Third_Party/FreeRTOS/Source/tasks.o
 .debug_info    0x0000000000014a00     0x1715 Src/NOKIA5110_fb.o
 .debug_info    0x0000000000016115       0xe7 Src/atraso.o
 .debug_info    0x00000000000161fc     0x1dbd Src/main.o
 .debug_info    0x0000000000017fb9     0x1301 Src/stm32f1xx_hal_msp.o
 .debug_info    0x00000000000192ba     0x1187 Src/stm32f1xx_hal_timebase_TIM.o
 .debug_info    0x000000000001a441     0x10a6 Src/stm32f1xx_it.o
 .debug_info    0x000000000001b4e7      0xc07 Src/system_stm32f1xx.o
 .debug_info    0x000000000001c0ee       0xa2 startup/startup_stm32f103xb.o

.debug_abbrev   0x0000000000000000     0x3d6e
 .debug_abbrev  0x0000000000000000      0x308 Drivers/STM32F1xx_HAL_Driver/Src/stm32f1xx_hal.o
 .debug_abbrev  0x0000000000000308      0x2fb Drivers/STM32F1xx_HAL_Driver/Src/stm32f1xx_hal_adc.o
 .debug_abbrev  0x0000000000000603      0x296 Drivers/STM32F1xx_HAL_Driver/Src/stm32f1xx_hal_adc_ex.o
 .debug_abbrev  0x0000000000000899      0x399 Drivers/STM32F1xx_HAL_Driver/Src/stm32f1xx_hal_cortex.o
 .debug_abbrev  0x0000000000000c32      0x29e Drivers/STM32F1xx_HAL_Driver/Src/stm32f1xx_hal_dma.o
 .debug_abbrev  0x0000000000000ed0      0x268 Drivers/STM32F1xx_HAL_Driver/Src/stm32f1xx_hal_gpio.o
 .debug_abbrev  0x0000000000001138      0x367 Drivers/STM32F1xx_HAL_Driver/Src/stm32f1xx_hal_rcc.o
 .debug_abbrev  0x000000000000149f      0x277 Drivers/STM32F1xx_HAL_Driver/Src/stm32f1xx_hal_rcc_ex.o
 .debug_abbrev  0x0000000000001716      0x3bb Drivers/STM32F1xx_HAL_Driver/Src/stm32f1xx_hal_tim.o
 .debug_abbrev  0x0000000000001ad1      0x30d Drivers/STM32F1xx_HAL_Driver/Src/stm32f1xx_hal_tim_ex.o
 .debug_abbrev  0x0000000000001dde      0x468 Middlewares/Third_Party/FreeRTOS/Source/CMSIS_RTOS/cmsis_os.o
 .debug_abbrev  0x0000000000002246      0x1e3 Middlewares/Third_Party/FreeRTOS/Source/list.o
 .debug_abbrev  0x0000000000002429      0x249 Middlewares/Third_Party/FreeRTOS/Source/portable/GCC/ARM_CM3/port.o
 .debug_abbrev  0x0000000000002672      0x314 Middlewares/Third_Party/FreeRTOS/Source/portable/MemMang/heap_4.o
 .debug_abbrev  0x0000000000002986      0x419 Middlewares/Third_Party/FreeRTOS/Source/tasks.o
 .debug_abbrev  0x0000000000002d9f      0x32a Src/NOKIA5110_fb.o
 .debug_abbrev  0x00000000000030c9       0x78 Src/atraso.o
 .debug_abbrev  0x0000000000003141      0x38a Src/main.o
 .debug_abbrev  0x00000000000034cb      0x239 Src/stm32f1xx_hal_msp.o
 .debug_abbrev  0x0000000000003704      0x258 Src/stm32f1xx_hal_timebase_TIM.o
 .debug_abbrev  0x000000000000395c      0x215 Src/stm32f1xx_it.o
 .debug_abbrev  0x0000000000003b71      0x1eb Src/system_stm32f1xx.o
 .debug_abbrev  0x0000000000003d5c       0x12 startup/startup_stm32f103xb.o

.debug_loc      0x0000000000000000     0x968f
 .debug_loc     0x0000000000000000      0x11b Drivers/STM32F1xx_HAL_Driver/Src/stm32f1xx_hal.o
 .debug_loc     0x000000000000011b      0x873 Drivers/STM32F1xx_HAL_Driver/Src/stm32f1xx_hal_adc.o
 .debug_loc     0x000000000000098e      0x769 Drivers/STM32F1xx_HAL_Driver/Src/stm32f1xx_hal_adc_ex.o
 .debug_loc     0x00000000000010f7      0x46b Drivers/STM32F1xx_HAL_Driver/Src/stm32f1xx_hal_cortex.o
 .debug_loc     0x0000000000001562      0x5d1 Drivers/STM32F1xx_HAL_Driver/Src/stm32f1xx_hal_dma.o
 .debug_loc     0x0000000000001b33      0x36a Drivers/STM32F1xx_HAL_Driver/Src/stm32f1xx_hal_gpio.o
 .debug_loc     0x0000000000001e9d      0x4c3 Drivers/STM32F1xx_HAL_Driver/Src/stm32f1xx_hal_rcc.o
 .debug_loc     0x0000000000002360      0x29d Drivers/STM32F1xx_HAL_Driver/Src/stm32f1xx_hal_rcc_ex.o
 .debug_loc     0x00000000000025fd     0x300c Drivers/STM32F1xx_HAL_Driver/Src/stm32f1xx_hal_tim.o
 .debug_loc     0x0000000000005609      0x822 Drivers/STM32F1xx_HAL_Driver/Src/stm32f1xx_hal_tim_ex.o
 .debug_loc     0x0000000000005e2b     0x102d Middlewares/Third_Party/FreeRTOS/Source/CMSIS_RTOS/cmsis_os.o
 .debug_loc     0x0000000000006e58       0x94 Middlewares/Third_Party/FreeRTOS/Source/list.o
 .debug_loc     0x0000000000006eec       0xce Middlewares/Third_Party/FreeRTOS/Source/portable/GCC/ARM_CM3/port.o
 .debug_loc     0x0000000000006fba      0x390 Middlewares/Third_Party/FreeRTOS/Source/portable/MemMang/heap_4.o
 .debug_loc     0x000000000000734a     0x123d Middlewares/Third_Party/FreeRTOS/Source/tasks.o
 .debug_loc     0x0000000000008587      0xe83 Src/NOKIA5110_fb.o
 .debug_loc     0x000000000000940a       0xb0 Src/main.o
 .debug_loc     0x00000000000094ba       0x63 Src/stm32f1xx_hal_msp.o
 .debug_loc     0x000000000000951d       0xa5 Src/stm32f1xx_hal_timebase_TIM.o
 .debug_loc     0x00000000000095c2       0xcd Src/system_stm32f1xx.o

.debug_aranges  0x0000000000000000      0xda0
 .debug_aranges
                0x0000000000000000       0xc8 Drivers/STM32F1xx_HAL_Driver/Src/stm32f1xx_hal.o
 .debug_aranges
                0x00000000000000c8       0xc8 Drivers/STM32F1xx_HAL_Driver/Src/stm32f1xx_hal_adc.o
 .debug_aranges
                0x0000000000000190       0x80 Drivers/STM32F1xx_HAL_Driver/Src/stm32f1xx_hal_adc_ex.o
 .debug_aranges
                0x0000000000000210       0x90 Drivers/STM32F1xx_HAL_Driver/Src/stm32f1xx_hal_cortex.o
 .debug_aranges
                0x00000000000002a0       0x78 Drivers/STM32F1xx_HAL_Driver/Src/stm32f1xx_hal_dma.o
 .debug_aranges
                0x0000000000000318       0x58 Drivers/STM32F1xx_HAL_Driver/Src/stm32f1xx_hal_gpio.o
 .debug_aranges
                0x0000000000000370       0x88 Drivers/STM32F1xx_HAL_Driver/Src/stm32f1xx_hal_rcc.o
 .debug_aranges
                0x00000000000003f8       0x30 Drivers/STM32F1xx_HAL_Driver/Src/stm32f1xx_hal_rcc_ex.o
 .debug_aranges
                0x0000000000000428      0x250 Drivers/STM32F1xx_HAL_Driver/Src/stm32f1xx_hal_tim.o
 .debug_aranges
                0x0000000000000678       0xe8 Drivers/STM32F1xx_HAL_Driver/Src/stm32f1xx_hal_tim_ex.o
 .debug_aranges
                0x0000000000000760      0x190 Middlewares/Third_Party/FreeRTOS/Source/CMSIS_RTOS/cmsis_os.o
 .debug_aranges
                0x00000000000008f0       0x40 Middlewares/Third_Party/FreeRTOS/Source/list.o
 .debug_aranges
                0x0000000000000930       0x78 Middlewares/Third_Party/FreeRTOS/Source/portable/GCC/ARM_CM3/port.o
 .debug_aranges
                0x00000000000009a8       0x48 Middlewares/Third_Party/FreeRTOS/Source/portable/MemMang/heap_4.o
 .debug_aranges
                0x00000000000009f0      0x170 Middlewares/Third_Party/FreeRTOS/Source/tasks.o
 .debug_aranges
                0x0000000000000b60       0xa0 Src/NOKIA5110_fb.o
 .debug_aranges
                0x0000000000000c00       0x30 Src/atraso.o
 .debug_aranges
                0x0000000000000c30       0x60 Src/main.o
 .debug_aranges
                0x0000000000000c90       0x30 Src/stm32f1xx_hal_msp.o
 .debug_aranges
                0x0000000000000cc0       0x30 Src/stm32f1xx_hal_timebase_TIM.o
 .debug_aranges
                0x0000000000000cf0       0x60 Src/stm32f1xx_it.o
 .debug_aranges
                0x0000000000000d50       0x28 Src/system_stm32f1xx.o
 .debug_aranges
                0x0000000000000d78       0x28 startup/startup_stm32f103xb.o

.debug_ranges   0x0000000000000000     0x10e8
 .debug_ranges  0x0000000000000000       0xb8 Drivers/STM32F1xx_HAL_Driver/Src/stm32f1xx_hal.o
 .debug_ranges  0x00000000000000b8       0xb8 Drivers/STM32F1xx_HAL_Driver/Src/stm32f1xx_hal_adc.o
 .debug_ranges  0x0000000000000170       0x70 Drivers/STM32F1xx_HAL_Driver/Src/stm32f1xx_hal_adc_ex.o
 .debug_ranges  0x00000000000001e0      0x128 Drivers/STM32F1xx_HAL_Driver/Src/stm32f1xx_hal_cortex.o
 .debug_ranges  0x0000000000000308       0xa8 Drivers/STM32F1xx_HAL_Driver/Src/stm32f1xx_hal_dma.o
 .debug_ranges  0x00000000000003b0       0x60 Drivers/STM32F1xx_HAL_Driver/Src/stm32f1xx_hal_gpio.o
 .debug_ranges  0x0000000000000410       0xa0 Drivers/STM32F1xx_HAL_Driver/Src/stm32f1xx_hal_rcc.o
 .debug_ranges  0x00000000000004b0       0x40 Drivers/STM32F1xx_HAL_Driver/Src/stm32f1xx_hal_rcc_ex.o
 .debug_ranges  0x00000000000004f0      0x340 Drivers/STM32F1xx_HAL_Driver/Src/stm32f1xx_hal_tim.o
 .debug_ranges  0x0000000000000830       0xd8 Drivers/STM32F1xx_HAL_Driver/Src/stm32f1xx_hal_tim_ex.o
 .debug_ranges  0x0000000000000908      0x198 Middlewares/Third_Party/FreeRTOS/Source/CMSIS_RTOS/cmsis_os.o
 .debug_ranges  0x0000000000000aa0       0x30 Middlewares/Third_Party/FreeRTOS/Source/list.o
 .debug_ranges  0x0000000000000ad0       0x80 Middlewares/Third_Party/FreeRTOS/Source/portable/GCC/ARM_CM3/port.o
 .debug_ranges  0x0000000000000b50       0x38 Middlewares/Third_Party/FreeRTOS/Source/portable/MemMang/heap_4.o
 .debug_ranges  0x0000000000000b88      0x288 Middlewares/Third_Party/FreeRTOS/Source/tasks.o
 .debug_ranges  0x0000000000000e10       0x90 Src/NOKIA5110_fb.o
 .debug_ranges  0x0000000000000ea0       0x20 Src/atraso.o
 .debug_ranges  0x0000000000000ec0       0xf8 Src/main.o
 .debug_ranges  0x0000000000000fb8       0x60 Src/stm32f1xx_hal_msp.o
 .debug_ranges  0x0000000000001018       0x48 Src/stm32f1xx_hal_timebase_TIM.o
 .debug_ranges  0x0000000000001060       0x50 Src/stm32f1xx_it.o
 .debug_ranges  0x00000000000010b0       0x18 Src/system_stm32f1xx.o
 .debug_ranges  0x00000000000010c8       0x20 startup/startup_stm32f103xb.o

.debug_line     0x0000000000000000     0x7c0b
 .debug_line    0x0000000000000000      0x43e Drivers/STM32F1xx_HAL_Driver/Src/stm32f1xx_hal.o
 .debug_line    0x000000000000043e      0x84b Drivers/STM32F1xx_HAL_Driver/Src/stm32f1xx_hal_adc.o
 .debug_line    0x0000000000000c89      0x70a Drivers/STM32F1xx_HAL_Driver/Src/stm32f1xx_hal_adc_ex.o
 .debug_line    0x0000000000001393      0x411 Drivers/STM32F1xx_HAL_Driver/Src/stm32f1xx_hal_cortex.o
 .debug_line    0x00000000000017a4      0x678 Drivers/STM32F1xx_HAL_Driver/Src/stm32f1xx_hal_dma.o
 .debug_line    0x0000000000001e1c      0x42a Drivers/STM32F1xx_HAL_Driver/Src/stm32f1xx_hal_gpio.o
 .debug_line    0x0000000000002246      0x612 Drivers/STM32F1xx_HAL_Driver/Src/stm32f1xx_hal_rcc.o
 .debug_line    0x0000000000002858      0x3ab Drivers/STM32F1xx_HAL_Driver/Src/stm32f1xx_hal_rcc_ex.o
 .debug_line    0x0000000000002c03     0x112b Drivers/STM32F1xx_HAL_Driver/Src/stm32f1xx_hal_tim.o
 .debug_line    0x0000000000003d2e      0x6cd Drivers/STM32F1xx_HAL_Driver/Src/stm32f1xx_hal_tim_ex.o
 .debug_line    0x00000000000043fb      0x8b9 Middlewares/Third_Party/FreeRTOS/Source/CMSIS_RTOS/cmsis_os.o
 .debug_line    0x0000000000004cb4      0x337 Middlewares/Third_Party/FreeRTOS/Source/list.o
 .debug_line    0x0000000000004feb      0x2ff Middlewares/Third_Party/FreeRTOS/Source/portable/GCC/ARM_CM3/port.o
 .debug_line    0x00000000000052ea      0x3e0 Middlewares/Third_Party/FreeRTOS/Source/portable/MemMang/heap_4.o
 .debug_line    0x00000000000056ca      0xb8a Middlewares/Third_Party/FreeRTOS/Source/tasks.o
 .debug_line    0x0000000000006254      0x6d1 Src/NOKIA5110_fb.o
 .debug_line    0x0000000000006925      0x12f Src/atraso.o
 .debug_line    0x0000000000006a54      0x533 Src/main.o
 .debug_line    0x0000000000006f87      0x32a Src/stm32f1xx_hal_msp.o
 .debug_line    0x00000000000072b1      0x312 Src/stm32f1xx_hal_timebase_TIM.o
 .debug_line    0x00000000000075c3      0x364 Src/stm32f1xx_it.o
 .debug_line    0x0000000000007927      0x267 Src/system_stm32f1xx.o
 .debug_line    0x0000000000007b8e       0x7d startup/startup_stm32f103xb.o

.debug_str      0x0000000000000000     0x5085
 .debug_str     0x0000000000000000      0xbf7 Drivers/STM32F1xx_HAL_Driver/Src/stm32f1xx_hal.o
                                        0xc98 (size before relaxing)
 .debug_str     0x0000000000000bf7      0x630 Drivers/STM32F1xx_HAL_Driver/Src/stm32f1xx_hal_adc.o
                                        0xd3a (size before relaxing)
 .debug_str     0x0000000000001227      0x291 Drivers/STM32F1xx_HAL_Driver/Src/stm32f1xx_hal_adc_ex.o
                                        0xced (size before relaxing)
 .debug_str     0x00000000000014b8      0x2d8 Drivers/STM32F1xx_HAL_Driver/Src/stm32f1xx_hal_cortex.o
                                        0xd46 (size before relaxing)
 .debug_str     0x0000000000001790      0x220 Drivers/STM32F1xx_HAL_Driver/Src/stm32f1xx_hal_dma.o
                                        0xaaa (size before relaxing)
 .debug_str     0x00000000000019b0      0x1ca Drivers/STM32F1xx_HAL_Driver/Src/stm32f1xx_hal_gpio.o
                                        0x8b3 (size before relaxing)
 .debug_str     0x0000000000001b7a      0x317 Drivers/STM32F1xx_HAL_Driver/Src/stm32f1xx_hal_rcc.o
                                        0xa91 (size before relaxing)
 .debug_str     0x0000000000001e91      0x110 Drivers/STM32F1xx_HAL_Driver/Src/stm32f1xx_hal_rcc_ex.o
                                        0x86e (size before relaxing)
 .debug_str     0x0000000000001fa1      0xf05 Drivers/STM32F1xx_HAL_Driver/Src/stm32f1xx_hal_tim.o
                                       0x17e2 (size before relaxing)
 .debug_str     0x0000000000002ea6      0x4f1 Drivers/STM32F1xx_HAL_Driver/Src/stm32f1xx_hal_tim_ex.o
                                       0x1084 (size before relaxing)
 .debug_str     0x0000000000003397      0xb33 Middlewares/Third_Party/FreeRTOS/Source/CMSIS_RTOS/cmsis_os.o
                                       0x120d (size before relaxing)
 .debug_str     0x0000000000003eca      0x159 Middlewares/Third_Party/FreeRTOS/Source/list.o
                                        0x75a (size before relaxing)
 .debug_str     0x0000000000004023      0x20e Middlewares/Third_Party/FreeRTOS/Source/portable/GCC/ARM_CM3/port.o
                                        0x479 (size before relaxing)
 .debug_str     0x0000000000004231      0x1e8 Middlewares/Third_Party/FreeRTOS/Source/portable/MemMang/heap_4.o
                                        0x843 (size before relaxing)
 .debug_str     0x0000000000004419      0x824 Middlewares/Third_Party/FreeRTOS/Source/tasks.o
                                       0x1255 (size before relaxing)
 .debug_str     0x0000000000004c3d      0x182 Src/NOKIA5110_fb.o
                                        0x816 (size before relaxing)
 .debug_str     0x0000000000004dbf       0x27 Src/atraso.o
                                        0x1d0 (size before relaxing)
 .debug_str     0x0000000000004de6      0x110 Src/main.o
                                       0x1377 (size before relaxing)
 .debug_str     0x0000000000004ef6       0x1b Src/stm32f1xx_hal_msp.o
                                        0xdbd (size before relaxing)
 .debug_str     0x0000000000004f11       0x61 Src/stm32f1xx_hal_timebase_TIM.o
                                        0xea7 (size before relaxing)
 .debug_str     0x0000000000004f72       0xc6 Src/stm32f1xx_it.o
                                        0xbfe (size before relaxing)
 .debug_str     0x0000000000005038       0x4d Src/system_stm32f1xx.o
                                        0x71c (size before relaxing)

.comment        0x0000000000000000       0x7c
 .comment       0x0000000000000000       0x7c Drivers/STM32F1xx_HAL_Driver/Src/stm32f1xx_hal.o
                                         0x7d (size before relaxing)
 .comment       0x000000000000007c       0x7d Drivers/STM32F1xx_HAL_Driver/Src/stm32f1xx_hal_adc.o
 .comment       0x000000000000007c       0x7d Drivers/STM32F1xx_HAL_Driver/Src/stm32f1xx_hal_adc_ex.o
 .comment       0x000000000000007c       0x7d Drivers/STM32F1xx_HAL_Driver/Src/stm32f1xx_hal_cortex.o
 .comment       0x000000000000007c       0x7d Drivers/STM32F1xx_HAL_Driver/Src/stm32f1xx_hal_dma.o
 .comment       0x000000000000007c       0x7d Drivers/STM32F1xx_HAL_Driver/Src/stm32f1xx_hal_gpio.o
 .comment       0x000000000000007c       0x7d Drivers/STM32F1xx_HAL_Driver/Src/stm32f1xx_hal_rcc.o
 .comment       0x000000000000007c       0x7d Drivers/STM32F1xx_HAL_Driver/Src/stm32f1xx_hal_rcc_ex.o
 .comment       0x000000000000007c       0x7d Drivers/STM32F1xx_HAL_Driver/Src/stm32f1xx_hal_tim.o
 .comment       0x000000000000007c       0x7d Drivers/STM32F1xx_HAL_Driver/Src/stm32f1xx_hal_tim_ex.o
 .comment       0x000000000000007c       0x7d Middlewares/Third_Party/FreeRTOS/Source/CMSIS_RTOS/cmsis_os.o
 .comment       0x000000000000007c       0x7d Middlewares/Third_Party/FreeRTOS/Source/list.o
 .comment       0x000000000000007c       0x7d Middlewares/Third_Party/FreeRTOS/Source/portable/GCC/ARM_CM3/port.o
 .comment       0x000000000000007c       0x7d Middlewares/Third_Party/FreeRTOS/Source/portable/MemMang/heap_4.o
 .comment       0x000000000000007c       0x7d Middlewares/Third_Party/FreeRTOS/Source/tasks.o
 .comment       0x000000000000007c       0x7d Src/NOKIA5110_fb.o
 .comment       0x000000000000007c       0x7d Src/atraso.o
 .comment       0x000000000000007c       0x7d Src/main.o
 .comment       0x000000000000007c       0x7d Src/stm32f1xx_hal_msp.o
 .comment       0x000000000000007c       0x7d Src/stm32f1xx_hal_timebase_TIM.o
 .comment       0x000000000000007c       0x7d Src/stm32f1xx_it.o
 .comment       0x000000000000007c       0x7d Src/system_stm32f1xx.o

.debug_frame    0x0000000000000000     0x26a0
 .debug_frame   0x0000000000000000      0x1b0 Drivers/STM32F1xx_HAL_Driver/Src/stm32f1xx_hal.o
 .debug_frame   0x00000000000001b0      0x298 Drivers/STM32F1xx_HAL_Driver/Src/stm32f1xx_hal_adc.o
 .debug_frame   0x0000000000000448      0x170 Drivers/STM32F1xx_HAL_Driver/Src/stm32f1xx_hal_adc_ex.o
 .debug_frame   0x00000000000005b8      0x120 Drivers/STM32F1xx_HAL_Driver/Src/stm32f1xx_hal_cortex.o
 .debug_frame   0x00000000000006d8      0x144 Drivers/STM32F1xx_HAL_Driver/Src/stm32f1xx_hal_dma.o
 .debug_frame   0x000000000000081c       0xd4 Drivers/STM32F1xx_HAL_Driver/Src/stm32f1xx_hal_gpio.o
 .debug_frame   0x00000000000008f0      0x150 Drivers/STM32F1xx_HAL_Driver/Src/stm32f1xx_hal_rcc.o
 .debug_frame   0x0000000000000a40       0x6c Drivers/STM32F1xx_HAL_Driver/Src/stm32f1xx_hal_rcc_ex.o
 .debug_frame   0x0000000000000aac      0x854 Drivers/STM32F1xx_HAL_Driver/Src/stm32f1xx_hal_tim.o
 .debug_frame   0x0000000000001300      0x320 Drivers/STM32F1xx_HAL_Driver/Src/stm32f1xx_hal_tim_ex.o
 .debug_frame   0x0000000000001620      0x4d4 Middlewares/Third_Party/FreeRTOS/Source/CMSIS_RTOS/cmsis_os.o
 .debug_frame   0x0000000000001af4       0x6c Middlewares/Third_Party/FreeRTOS/Source/list.o
 .debug_frame   0x0000000000001b60       0xe0 Middlewares/Third_Party/FreeRTOS/Source/portable/GCC/ARM_CM3/port.o
 .debug_frame   0x0000000000001c40       0x98 Middlewares/Third_Party/FreeRTOS/Source/portable/MemMang/heap_4.o
 .debug_frame   0x0000000000001cd8      0x4ac Middlewares/Third_Party/FreeRTOS/Source/tasks.o
 .debug_frame   0x0000000000002184      0x234 Src/NOKIA5110_fb.o
 .debug_frame   0x00000000000023b8       0x40 Src/atraso.o
 .debug_frame   0x00000000000023f8       0xe0 Src/main.o
 .debug_frame   0x00000000000024d8       0x6c Src/stm32f1xx_hal_msp.o
 .debug_frame   0x0000000000002544       0x50 Src/stm32f1xx_hal_timebase_TIM.o
 .debug_frame   0x0000000000002594       0xb0 Src/stm32f1xx_it.o
 .debug_frame   0x0000000000002644       0x30 Src/system_stm32f1xx.o
 .debug_frame   0x0000000000002674       0x2c /opt/Atollic_TrueSTUDIO_for_STM32_x86_64_9.3.0/ARMTools/bin/../lib/gcc/arm-atollic-eabi/6.3.1/../../../../arm-atollic-eabi/lib/armv7-m/libc_nano.a(lib_a-init.o)
